Archive member included because of file (symbol)

c:/program files/stmicroelectronics/systemworkbench/plugins/fr.ac6.mcu.externaltools.arm-none.win32_1.3.0.201507241045/tools/compiler/bin/../lib/gcc/arm-none-eabi/4.9.3/armv7-m\libgcc.a(_lshrdi3.o)
                              Drivers/STM32F1xx_HAL_Driver/Src/stm32f1xx_hal_flash.o (__aeabi_llsr)
c:/program files/stmicroelectronics/systemworkbench/plugins/fr.ac6.mcu.externaltools.arm-none.win32_1.3.0.201507241045/tools/compiler/bin/../lib/gcc/arm-none-eabi/4.9.3/../../../../arm-none-eabi/lib/armv7-m\libc_nano.a(lib_a-exit.o)
                              c:/program files/stmicroelectronics/systemworkbench/plugins/fr.ac6.mcu.externaltools.arm-none.win32_1.3.0.201507241045/tools/compiler/bin/../lib/gcc/arm-none-eabi/4.9.3/../../../../arm-none-eabi/lib/armv7-m/crt0.o (exit)
c:/program files/stmicroelectronics/systemworkbench/plugins/fr.ac6.mcu.externaltools.arm-none.win32_1.3.0.201507241045/tools/compiler/bin/../lib/gcc/arm-none-eabi/4.9.3/../../../../arm-none-eabi/lib/armv7-m\libc_nano.a(lib_a-impure.o)
                              c:/program files/stmicroelectronics/systemworkbench/plugins/fr.ac6.mcu.externaltools.arm-none.win32_1.3.0.201507241045/tools/compiler/bin/../lib/gcc/arm-none-eabi/4.9.3/../../../../arm-none-eabi/lib/armv7-m\libc_nano.a(lib_a-exit.o) (_global_impure_ptr)
c:/program files/stmicroelectronics/systemworkbench/plugins/fr.ac6.mcu.externaltools.arm-none.win32_1.3.0.201507241045/tools/compiler/bin/../lib/gcc/arm-none-eabi/4.9.3/../../../../arm-none-eabi/lib/armv7-m\libc_nano.a(lib_a-init.o)
                              c:/program files/stmicroelectronics/systemworkbench/plugins/fr.ac6.mcu.externaltools.arm-none.win32_1.3.0.201507241045/tools/compiler/bin/../lib/gcc/arm-none-eabi/4.9.3/../../../../arm-none-eabi/lib/armv7-m/crt0.o (__libc_init_array)
c:/program files/stmicroelectronics/systemworkbench/plugins/fr.ac6.mcu.externaltools.arm-none.win32_1.3.0.201507241045/tools/compiler/bin/../lib/gcc/arm-none-eabi/4.9.3/../../../../arm-none-eabi/lib/armv7-m\libc_nano.a(lib_a-memset.o)
                              c:/program files/stmicroelectronics/systemworkbench/plugins/fr.ac6.mcu.externaltools.arm-none.win32_1.3.0.201507241045/tools/compiler/bin/../lib/gcc/arm-none-eabi/4.9.3/../../../../arm-none-eabi/lib/armv7-m/crt0.o (memset)
c:/program files/stmicroelectronics/systemworkbench/plugins/fr.ac6.mcu.externaltools.arm-none.win32_1.3.0.201507241045/tools/compiler/bin/../lib/gcc/arm-none-eabi/4.9.3/../../../../arm-none-eabi/lib/armv7-m\libc_nano.a(lib_a-vsprintf.o)
                              Src/main.o (vsprintf)
c:/program files/stmicroelectronics/systemworkbench/plugins/fr.ac6.mcu.externaltools.arm-none.win32_1.3.0.201507241045/tools/compiler/bin/../lib/gcc/arm-none-eabi/4.9.3/../../../../arm-none-eabi/lib/armv7-m\libc_nano.a(lib_a-nano-svfprintf.o)
                              c:/program files/stmicroelectronics/systemworkbench/plugins/fr.ac6.mcu.externaltools.arm-none.win32_1.3.0.201507241045/tools/compiler/bin/../lib/gcc/arm-none-eabi/4.9.3/../../../../arm-none-eabi/lib/armv7-m\libc_nano.a(lib_a-vsprintf.o) (_svfprintf_r)
c:/program files/stmicroelectronics/systemworkbench/plugins/fr.ac6.mcu.externaltools.arm-none.win32_1.3.0.201507241045/tools/compiler/bin/../lib/gcc/arm-none-eabi/4.9.3/../../../../arm-none-eabi/lib/armv7-m\libc_nano.a(lib_a-nano-vfprintf_i.o)
                              c:/program files/stmicroelectronics/systemworkbench/plugins/fr.ac6.mcu.externaltools.arm-none.win32_1.3.0.201507241045/tools/compiler/bin/../lib/gcc/arm-none-eabi/4.9.3/../../../../arm-none-eabi/lib/armv7-m\libc_nano.a(lib_a-nano-svfprintf.o) (_printf_i)
c:/program files/stmicroelectronics/systemworkbench/plugins/fr.ac6.mcu.externaltools.arm-none.win32_1.3.0.201507241045/tools/compiler/bin/../lib/gcc/arm-none-eabi/4.9.3/../../../../arm-none-eabi/lib/armv7-m\libc_nano.a(lib_a-memchr.o)
                              c:/program files/stmicroelectronics/systemworkbench/plugins/fr.ac6.mcu.externaltools.arm-none.win32_1.3.0.201507241045/tools/compiler/bin/../lib/gcc/arm-none-eabi/4.9.3/../../../../arm-none-eabi/lib/armv7-m\libc_nano.a(lib_a-nano-svfprintf.o) (memchr)
c:/program files/stmicroelectronics/systemworkbench/plugins/fr.ac6.mcu.externaltools.arm-none.win32_1.3.0.201507241045/tools/compiler/bin/../lib/gcc/arm-none-eabi/4.9.3/../../../../arm-none-eabi/lib/armv7-m\libc_nano.a(lib_a-memcpy.o)
                              c:/program files/stmicroelectronics/systemworkbench/plugins/fr.ac6.mcu.externaltools.arm-none.win32_1.3.0.201507241045/tools/compiler/bin/../lib/gcc/arm-none-eabi/4.9.3/../../../../arm-none-eabi/lib/armv7-m\libc_nano.a(lib_a-nano-svfprintf.o) (memcpy)
c:/program files/stmicroelectronics/systemworkbench/plugins/fr.ac6.mcu.externaltools.arm-none.win32_1.3.0.201507241045/tools/compiler/bin/../lib/gcc/arm-none-eabi/4.9.3/../../../../arm-none-eabi/lib/armv7-m\libc_nano.a(lib_a-memmove.o)
[...]
Memory Configuration

Name             Origin             Length             Attributes
FLASH            0x08000000         0x00010000         xr
RAM              0x20000000         0x00005000         xrw
*default*        0x00000000         0xffffffff

Linker script and memory map

LOAD c:/program files/stmicroelectronics/systemworkbench/plugins/fr.ac6.mcu.externaltools.arm-none.win32_1.3.0.201507241045/tools/compiler/bin/../lib/gcc/arm-none-eabi/4.9.3/armv7-m/crti.o
LOAD c:/program files/stmicroelectronics/systemworkbench/plugins/fr.ac6.mcu.externaltools.arm-none.win32_1.3.0.201507241045/tools/compiler/bin/../lib/gcc/arm-none-eabi/4.9.3/armv7-m/crtbegin.o
LOAD c:/program files/stmicroelectronics/systemworkbench/plugins/fr.ac6.mcu.externaltools.arm-none.win32_1.3.0.201507241045/tools/compiler/bin/../lib/gcc/arm-none-eabi/4.9.3/../../../../arm-none-eabi/lib/armv7-m/crt0.o
LOAD c:/program files/stmicroelectronics/systemworkbench/plugins/fr.ac6.mcu.externaltools.arm-none.win32_1.3.0.201507241045/tools/compiler/bin/../lib/gcc/arm-none-eabi/4.9.3/../../../../arm-none-eabi/lib/armv7-m\libm.a
LOAD Src/main.o
LOAD Src/stm32f1xx_hal_msp.o
LOAD Src/stm32f1xx_it.o
LOAD Drivers/STM32F1xx_HAL_Driver/Src/stm32f1xx_hal.o
LOAD Drivers/STM32F1xx_HAL_Driver/Src/stm32f1xx_hal_cortex.o
LOAD Drivers/STM32F1xx_HAL_Driver/Src/stm32f1xx_hal_dma.o
LOAD Drivers/STM32F1xx_HAL_Driver/Src/stm32f1xx_hal_flash.o
LOAD Drivers/STM32F1xx_HAL_Driver/Src/stm32f1xx_hal_flash_ex.o
LOAD Drivers/STM32F1xx_HAL_Driver/Src/stm32f1xx_hal_gpio.o
LOAD Drivers/STM32F1xx_HAL_Driver/Src/stm32f1xx_hal_pwr.o
LOAD Drivers/STM32F1xx_HAL_Driver/Src/stm32f1xx_hal_rcc.o
LOAD Drivers/STM32F1xx_HAL_Driver/Src/stm32f1xx_hal_rcc_ex.o
LOAD Drivers/STM32F1xx_HAL_Driver/Src/stm32f1xx_hal_spi.o
LOAD Drivers/STM32F1xx_HAL_Driver/Src/stm32f1xx_hal_spi_ex.o
LOAD Drivers/STM32F1xx_HAL_Driver/Src/stm32f1xx_hal_tim.o
LOAD Drivers/STM32F1xx_HAL_Driver/Src/stm32f1xx_hal_tim_ex.o
LOAD Drivers/STM32F1xx_HAL_Driver/Src/stm32f1xx_hal_uart.o
LOAD Drivers/CMSIS/Device/ST/STM32F1xx/Source/Templates/system_stm32f1xx.o
LOAD Drivers/CMSIS/Device/ST/STM32F1xx/Source/Templates/gcc/startup_stm32f103xb.o
START GROUP
LOAD c:/program files/stmicroelectronics/systemworkbench/plugins/fr.ac6.mcu.externaltools.arm-none.win32_1.3.0.201507241045/tools/compiler/bin/../lib/gcc/arm-none-eabi/4.9.3/armv7-m\libgcc.a
LOAD c:/program files/stmicroelectronics/systemworkbench/plugins/fr.ac6.mcu.externaltools.arm-none.win32_1.3.0.201507241045/tools/compiler/bin/../lib/gcc/arm-none-eabi/4.9.3/../../../../arm-none-eabi/lib/armv7-m\libc_nano.a
END GROUP
START GROUP
LOAD c:/program files/stmicroelectronics/systemworkbench/plugins/fr.ac6.mcu.externaltools.arm-none.win32_1.3.0.201507241045/tools/compiler/bin/../lib/gcc/arm-none-eabi/4.9.3/armv7-m\libgcc.a
LOAD c:/program files/stmicroelectronics/systemworkbench/plugins/fr.ac6.mcu.externaltools.arm-none.win32_1.3.0.201507241045/tools/compiler/bin/../lib/gcc/arm-none-eabi/4.9.3/../../../../arm-none-eabi/lib/armv7-m\libc_nano.a
LOAD c:/program files/stmicroelectronics/systemworkbench/plugins/fr.ac6.mcu.externaltools.arm-none.win32_1.3.0.201507241045/tools/compiler/bin/../lib/gcc/arm-none-eabi/4.9.3/../../../../arm-none-eabi/lib/armv7-m\libnosys.a
END GROUP
START GROUP
LOAD c:/program files/stmicroelectronics/systemworkbench/plugins/fr.ac6.mcu.externaltools.arm-none.win32_1.3.0.201507241045/tools/compiler/bin/../lib/gcc/arm-none-eabi/4.9.3/armv7-m\libgcc.a
LOAD c:/program files/stmicroelectronics/systemworkbench/plugins/fr.ac6.mcu.externaltools.arm-none.win32_1.3.0.201507241045/tools/compiler/bin/../lib/gcc/arm-none-eabi/4.9.3/../../../../arm-none-eabi/lib/armv7-m\libc_nano.a
LOAD c:/program files/stmicroelectronics/systemworkbench/plugins/fr.ac6.mcu.externaltools.arm-none.win32_1.3.0.201507241045/tools/compiler/bin/../lib/gcc/arm-none-eabi/4.9.3/../../../../arm-none-eabi/lib/armv7-m\libnosys.a
END GROUP
LOAD c:/program files/stmicroelectronics/systemworkbench/plugins/fr.ac6.mcu.externaltools.arm-none.win32_1.3.0.201507241045/tools/compiler/bin/../lib/gcc/arm-none-eabi/4.9.3/armv7-m/crtend.o
LOAD c:/program files/stmicroelectronics/systemworkbench/plugins/fr.ac6.mcu.externaltools.arm-none.win32_1.3.0.201507241045/tools/compiler/bin/../lib/gcc/arm-none-eabi/4.9.3/armv7-m/crtn.o
                0x20005000                _estack = 0x20005000
                0x00000200                _Min_Heap_Size = 0x200
                0x00000400                _Min_Stack_Size = 0x400

.isr_vector     0x08000000      0x10c
                0x08000000                . = ALIGN (0x4)
 *(.isr_vector)
 .isr_vector    0x08000000      0x10c Drivers/CMSIS/Device/ST/STM32F1xx/Source/Templates/gcc/startup_stm32f103xb.o
                0x08000000                g_pfnVectors
                0x0800010c                . = ALIGN (0x4)

.text           0x0800010c     0x2744
                0x0800010c                . = ALIGN (0x4)
 *(.text)
 .text          0x0800010c       0x5c c:/program files/stmicroelectronics/systemworkbench/plugins/fr.ac6.mcu.externaltools.arm-none.win32_1.3.0.201507241045/tools/compiler/bin/../lib/gcc/arm-none-eabi/4.9.3/armv7-m/crtbegin.o
 *(.text*)
 .text.HAL_SYSTICK_Callback
                0x08000168       0x10 Src/main.o
                0x08000168                HAL_SYSTICK_Callback
 .text.Printf   0x08000178       0x3c Src/main.o
                0x08000178                Printf
 .text.SPI_Receive_byte
                0x080001b4       0x24 Src/main.o
                0x080001b4                SPI_Receive_byte
 .text.SPI_Send_byte
                0x080001d8       0x20 Src/main.o
                0x080001d8                SPI_Send_byte
 .text.SPI_Write_Buf
                0x080001f8       0x48 Src/main.o
                0x080001f8                SPI_Write_Buf
 .text.SPI_Read_Buf
                0x08000240       0x4c Src/main.o
                0x08000240                SPI_Read_Buf
 .text.SPI_RW_Reg
                0x0800028c       0x38 Src/main.o
                0x0800028c                SPI_RW_Reg
 .text.SPI_Read_Reg
                0x080002c4       0x34 Src/main.o
                0x080002c4                SPI_Read_Reg
 .text.TX_Mode  0x080002f8       0x84 Src/main.o
                0x080002f8                TX_Mode
 .text.RX_Mode  0x0800037c       0x64 Src/main.o
                0x0800037c                RX_Mode
 .text.NRF24L01_Receive
                0x080003e0       0x88 Src/main.o
                0x080003e0                NRF24L01_Receive
 .text.NRF24L01_Send
                0x08000468       0x8c Src/main.o
                0x08000468                NRF24L01_Send
 .text.SystemClock_Config
                0x080004f4       0x60 Src/main.o
                0x080004f4                SystemClock_Config
 .text.startup.main
                0x08000554      0x148 Src/main.o
                0x08000554                main
 .text.HAL_MspInit
                0x0800069c       0x64 Src/stm32f1xx_hal_msp.o
                0x0800069c                HAL_MspInit
 .text.HAL_SPI_MspInit
                0x08000700       0x54 Src/stm32f1xx_hal_msp.o
                0x08000700                HAL_SPI_MspInit
 .text.HAL_UART_MspInit
                0x08000754       0x94 Src/stm32f1xx_hal_msp.o
                0x08000754                HAL_UART_MspInit
 .text.NMI_Handler
                0x080007e8        0x2 Src/stm32f1xx_it.o
                0x080007e8                NMI_Handler
 .text.HardFault_Handler
                0x080007ea        0x2 Src/stm32f1xx_it.o
                0x080007ea                HardFault_Handler
 .text.MemManage_Handler
                0x080007ec        0x2 Src/stm32f1xx_it.o
                0x080007ec                MemManage_Handler
 .text.BusFault_Handler
                0x080007ee        0x2 Src/stm32f1xx_it.o
                0x080007ee                BusFault_Handler
 .text.UsageFault_Handler
                0x080007f0        0x2 Src/stm32f1xx_it.o
                0x080007f0                UsageFault_Handler
 .text.DebugMon_Handler
                0x080007f2        0x2 Src/stm32f1xx_it.o
                0x080007f2                DebugMon_Handler
 .text.SysTick_Handler
                0x080007f4        0xe Src/stm32f1xx_it.o
                0x080007f4                SysTick_Handler
 *fill*         0x08000802        0x2 
 .text.DMA1_Channel4_IRQHandler
                0x08000804        0xc Src/stm32f1xx_it.o
                0x08000804                DMA1_Channel4_IRQHandler
 .text.USART1_IRQHandler
                0x08000810        0xc Src/stm32f1xx_it.o
                0x08000810                USART1_IRQHandler
 .text.HAL_InitTick
                0x0800081c       0x24 Drivers/STM32F1xx_HAL_Driver/Src/stm32f1xx_hal.o
                0x0800081c                HAL_InitTick
 .text.HAL_Init
                0x08000840       0x24 Drivers/STM32F1xx_HAL_Driver/Src/stm32f1xx_hal.o
                0x08000840                HAL_Init
 .text.HAL_IncTick
                0x08000864       0x10 Drivers/STM32F1xx_HAL_Driver/Src/stm32f1xx_hal.o
                0x08000864                HAL_IncTick
 .text.HAL_GetTick
                0x08000874        0xc Drivers/STM32F1xx_HAL_Driver/Src/stm32f1xx_hal.o
                0x08000874                HAL_GetTick
 .text.HAL_Delay
                0x08000880       0x1a Drivers/STM32F1xx_HAL_Driver/Src/stm32f1xx_hal.o
                0x08000880                HAL_Delay
 *fill*         0x0800089a        0x2 
 .text.HAL_NVIC_SetPriorityGrouping
                0x0800089c       0x24 Drivers/STM32F1xx_HAL_Driver/Src/stm32f1xx_hal_cortex.o
                0x0800089c                HAL_NVIC_SetPriorityGrouping
 .text.HAL_NVIC_SetPriority
                0x080008c0       0x60 Drivers/STM32F1xx_HAL_Driver/Src/stm32f1xx_hal_cortex.o
                0x080008c0                HAL_NVIC_SetPriority
 .text.HAL_NVIC_EnableIRQ
                0x08000920       0x18 Drivers/STM32F1xx_HAL_Driver/Src/stm32f1xx_hal_cortex.o
                0x08000920                HAL_NVIC_EnableIRQ
 .text.HAL_SYSTICK_Config
                0x08000938       0x2c Drivers/STM32F1xx_HAL_Driver/Src/stm32f1xx_hal_cortex.o
                0x08000938                HAL_SYSTICK_Config
 .text.HAL_SYSTICK_CLKSourceConfig
                0x08000964       0x18 Drivers/STM32F1xx_HAL_Driver/Src/stm32f1xx_hal_cortex.o
                0x08000964                HAL_SYSTICK_CLKSourceConfig
 .text.HAL_SYSTICK_IRQHandler
                0x0800097c        0x8 Drivers/STM32F1xx_HAL_Driver/Src/stm32f1xx_hal_cortex.o
                0x0800097c                HAL_SYSTICK_IRQHandler
 .text.HAL_DMA_Init
                0x08000984       0x4a Drivers/STM32F1xx_HAL_Driver/Src/stm32f1xx_hal_dma.o
                0x08000984                HAL_DMA_Init
 *fill*         0x080009ce        0x2 
 .text.HAL_DMA_IRQHandler
                0x080009d0      0x254 Drivers/STM32F1xx_HAL_Driver/Src/stm32f1xx_hal_dma.o
                0x080009d0                HAL_DMA_IRQHandler
 .text.HAL_GPIO_Init
                0x08000c24      0x18c Drivers/STM32F1xx_HAL_Driver/Src/stm32f1xx_hal_gpio.o
                0x08000c24                HAL_GPIO_Init
 .text.HAL_GPIO_ReadPin
                0x08000db0        0xc Drivers/STM32F1xx_HAL_Driver/Src/stm32f1xx_hal_gpio.o
                0x08000db0                HAL_GPIO_ReadPin
 .text.HAL_GPIO_WritePin
                0x08000dbc        0x8 Drivers/STM32F1xx_HAL_Driver/Src/stm32f1xx_hal_gpio.o
                0x08000dbc                HAL_GPIO_WritePin
 .text.HAL_RCC_OscConfig
                0x08000dc4      0x560 Drivers/STM32F1xx_HAL_Driver/Src/stm32f1xx_hal_rcc.o
                0x08000dc4                HAL_RCC_OscConfig
 .text.HAL_RCC_ClockConfig
                0x08001324      0x1f0 Drivers/STM32F1xx_HAL_Driver/Src/stm32f1xx_hal_rcc.o
                0x08001324                HAL_RCC_ClockConfig
 .text.HAL_RCC_GetSysClockFreq
                0x08001514       0x90 Drivers/STM32F1xx_HAL_Driver/Src/stm32f1xx_hal_rcc.o
                0x08001514                HAL_RCC_GetSysClockFreq
 .text.HAL_RCC_GetHCLKFreq
                0x080015a4       0x34 Drivers/STM32F1xx_HAL_Driver/Src/stm32f1xx_hal_rcc.o
                0x080015a4                HAL_RCC_GetHCLKFreq
 .text.HAL_RCC_GetPCLK1Freq
                0x080015d8       0x30 Drivers/STM32F1xx_HAL_Driver/Src/stm32f1xx_hal_rcc.o
                0x080015d8                HAL_RCC_GetPCLK1Freq
 .text.HAL_RCC_GetPCLK2Freq
                0x08001608       0x30 Drivers/STM32F1xx_HAL_Driver/Src/stm32f1xx_hal_rcc.o
                0x08001608                HAL_RCC_GetPCLK2Freq
 .text.SPI_WaitOnFlagUntilTimeout
                0x08001638       0x92 Drivers/STM32F1xx_HAL_Driver/Src/stm32f1xx_hal_spi.o
 .text.HAL_SPI_Transmit
                0x080016ca      0x166 Drivers/STM32F1xx_HAL_Driver/Src/stm32f1xx_hal_spi.o
                0x080016ca                HAL_SPI_Transmit
 .text.HAL_SPI_TransmitReceive
                0x08001830      0x2a4 Drivers/STM32F1xx_HAL_Driver/Src/stm32f1xx_hal_spi.o
                0x08001830                HAL_SPI_TransmitReceive
 .text.HAL_SPI_Init
                0x08001ad4       0x7c Drivers/STM32F1xx_HAL_Driver/Src/stm32f1xx_hal_spi_ex.o
                0x08001ad4                HAL_SPI_Init
 .text.UART_SetConfig
                0x08001b50       0xc0 Drivers/STM32F1xx_HAL_Driver/Src/stm32f1xx_hal_uart.o
 .text.UART_WaitOnFlagUntilTimeout.constprop.0
                0x08001c10       0x60 Drivers/STM32F1xx_HAL_Driver/Src/stm32f1xx_hal_uart.o
 .text.HAL_UART_Init
                0x08001c70       0x58 Drivers/STM32F1xx_HAL_Driver/Src/stm32f1xx_hal_uart.o
                0x08001c70                HAL_UART_Init
 .text.HAL_UART_Transmit
                0x08001cc8       0xb8 Drivers/STM32F1xx_HAL_Driver/Src/stm32f1xx_hal_uart.o
                0x08001cc8                HAL_UART_Transmit
 .text.HAL_UART_TxCpltCallback
                0x08001d80        0x2 Drivers/STM32F1xx_HAL_Driver/Src/stm32f1xx_hal_uart.o
                0x08001d80                HAL_UART_TxCpltCallback
 .text.HAL_UART_RxCpltCallback
                0x08001d82        0x2 Drivers/STM32F1xx_HAL_Driver/Src/stm32f1xx_hal_uart.o
                0x08001d82                HAL_UART_RxCpltCallback
 .text.HAL_UART_ErrorCallback
                0x08001d84        0x2 Drivers/STM32F1xx_HAL_Driver/Src/stm32f1xx_hal_uart.o
                0x08001d84                HAL_UART_ErrorCallback
 .text.HAL_UART_IRQHandler
                0x08001d86      0x184 Drivers/STM32F1xx_HAL_Driver/Src/stm32f1xx_hal_uart.o
                0x08001d86                HAL_UART_IRQHandler
 *fill*         0x08001f0a        0x2 
 .text.SystemInit
                0x08001f0c       0x4c Drivers/CMSIS/Device/ST/STM32F1xx/Source/Templates/system_stm32f1xx.o
                0x08001f0c                SystemInit
 .text.Reset_Handler
                0x08001f58       0x48 Drivers/CMSIS/Device/ST/STM32F1xx/Source/Templates/gcc/startup_stm32f103xb.o
                0x08001f58                Reset_Handler
 .text.Default_Handler
                0x08001fa0        0x2 Drivers/CMSIS/Device/ST/STM32F1xx/Source/Templates/gcc/startup_stm32f103xb.o
                0x08001fa0                RTC_Alarm_IRQHandler
                0x08001fa0                EXTI2_IRQHandler
                0x08001fa0                TIM1_CC_IRQHandler
                0x08001fa0                PVD_IRQHandler
                0x08001fa0                PendSV_Handler
                0x08001fa0                EXTI3_IRQHandler
                0x08001fa0                EXTI0_IRQHandler
                0x08001fa0                I2C2_EV_IRQHandler
                0x08001fa0                ADC1_2_IRQHandler
                0x08001fa0                SPI1_IRQHandler
                0x08001fa0                TAMPER_IRQHandler
                0x08001fa0                USART3_IRQHandler
                0x08001fa0                RTC_IRQHandler
                0x08001fa0                DMA1_Channel7_IRQHandler
                0x08001fa0                CAN1_RX1_IRQHandler
                0x08001fa0                TIM4_IRQHandler
                0x08001fa0                I2C1_EV_IRQHandler
                0x08001fa0                DMA1_Channel6_IRQHandler
                0x08001fa0                TIM3_IRQHandler
                0x08001fa0                RCC_IRQHandler
                0x08001fa0                TIM1_TRG_COM_IRQHandler
                0x08001fa0                DMA1_Channel1_IRQHandler
                0x08001fa0                Default_Handler
                0x08001fa0                EXTI15_10_IRQHandler
                0x08001fa0                EXTI9_5_IRQHandler
                0x08001fa0                SPI2_IRQHandler
                0x08001fa0                SVC_Handler
                0x08001fa0                DMA1_Channel5_IRQHandler
                0x08001fa0                EXTI4_IRQHandler
                0x08001fa0                USB_LP_CAN1_RX0_IRQHandler
                0x08001fa0                USB_HP_CAN1_TX_IRQHandler
                0x08001fa0                DMA1_Channel3_IRQHandler
                0x08001fa0                TIM1_UP_IRQHandler
                0x08001fa0                WWDG_IRQHandler
                0x08001fa0                TIM2_IRQHandler
                0x08001fa0                TIM1_BRK_IRQHandler
                0x08001fa0                EXTI1_IRQHandler
                0x08001fa0                USART2_IRQHandler
                0x08001fa0                I2C2_ER_IRQHandler
                0x08001fa0                DMA1_Channel2_IRQHandler
                0x08001fa0                CAN1_SCE_IRQHandler
                0x08001fa0                FLASH_IRQHandler
                0x08001fa0                I2C1_ER_IRQHandler
                0x08001fa0                USBWakeUp_IRQHandler
 *fill*         0x08001fa2        0x2 
 .text.__libc_init_array
                0x08001fa4       0x4c c:/program files/stmicroelectronics/systemworkbench/plugins/fr.ac6.mcu.externaltools.arm-none.win32_1.3.0.201507241045/tools/compiler/bin/../lib/gcc/arm-none-eabi/4.9.3/../../../../arm-none-eabi/lib/armv7-m\libc_nano.a(lib_a-init.o)
                0x08001fa4                __libc_init_array
 .text._vsprintf_r
                0x08001ff0       0x30 c:/program files/stmicroelectronics/systemworkbench/plugins/fr.ac6.mcu.externaltools.arm-none.win32_1.3.0.201507241045/tools/compiler/bin/../lib/gcc/arm-none-eabi/4.9.3/../../../../arm-none-eabi/lib/armv7-m\libc_nano.a(lib_a-vsprintf.o)
                0x08001ff0                _vsprintf_r
                0x08001ff0                _vsiprintf_r
 .text.vsprintf
                0x08002020       0x1c c:/program files/stmicroelectronics/systemworkbench/plugins/fr.ac6.mcu.externaltools.arm-none.win32_1.3.0.201507241045/tools/compiler/bin/../lib/gcc/arm-none-eabi/4.9.3/../../../../arm-none-eabi/lib/armv7-m\libc_nano.a(lib_a-vsprintf.o)
                0x08002020                vsiprintf
                0x08002020                vsprintf
 .text.__ssputs_r
                0x0800203c       0xb2 c:/program files/stmicroelectronics/systemworkbench/plugins/fr.ac6.mcu.externaltools.arm-none.win32_1.3.0.201507241045/tools/compiler/bin/../lib/gcc/arm-none-eabi/4.9.3/../../../../arm-none-eabi/lib/armv7-m\libc_nano.a(lib_a-nano-svfprintf.o)
                0x0800203c                __ssputs_r
 *fill*         0x080020ee        0x2 
 .text._svfprintf_r
                0x080020f0      0x1e4 c:/program files/stmicroelectronics/systemworkbench/plugins/fr.ac6.mcu.externaltools.arm-none.win32_1.3.0.201507241045/tools/compiler/bin/../lib/gcc/arm-none-eabi/4.9.3/../../../../arm-none-eabi/lib/armv7-m\libc_nano.a(lib_a-nano-svfprintf.o)
                0x080020f0                _svfiprintf_r
                0x080020f0                _svfprintf_r
 .text._printf_common
                0x080022d4       0xea c:/program files/stmicroelectronics/systemworkbench/plugins/fr.ac6.mcu.externaltools.arm-none.win32_1.3.0.201507241045/tools/compiler/bin/../lib/gcc/arm-none-eabi/4.9.3/../../../../arm-none-eabi/lib/armv7-m\libc_nano.a(lib_a-nano-vfprintf_i.o)
                0x080022d4                _printf_common
 *fill*         0x080023be        0x2 
 .text._printf_i
                0x080023c0      0x240 c:/program files/stmicroelectronics/systemworkbench/plugins/fr.ac6.mcu.externaltools.arm-none.win32_1.3.0.201507241045/tools/compiler/bin/../lib/gcc/arm-none-eabi/4.9.3/../../../../arm-none-eabi/lib/armv7-m\libc_nano.a(lib_a-nano-vfprintf_i.o)
                0x080023c0                _printf_i
 .text.memchr   0x08002600       0x1c c:/program files/stmicroelectronics/systemworkbench/plugins/fr.ac6.mcu.externaltools.arm-none.win32_1.3.0.201507241045/tools/compiler/bin/../lib/gcc/arm-none-eabi/4.9.3/../../../../arm-none-eabi/lib/armv7-m\libc_nano.a(lib_a-memchr.o)
                0x08002600                memchr
 .text.memcpy   0x0800261c       0x16 c:/program files/stmicroelectronics/systemworkbench/plugins/fr.ac6.mcu.externaltools.arm-none.win32_1.3.0.201507241045/tools/compiler/bin/../lib/gcc/arm-none-eabi/4.9.3/../../../../arm-none-eabi/lib/armv7-m\libc_nano.a(lib_a-memcpy.o)
                0x0800261c                memcpy
 .text.memmove  0x08002632       0x36 c:/program files/stmicroelectronics/systemworkbench/plugins/fr.ac6.mcu.externaltools.arm-none.win32_1.3.0.201507241045/tools/compiler/bin/../lib/gcc/arm-none-eabi/4.9.3/../../../../arm-none-eabi/lib/armv7-m\libc_nano.a(lib_a-memmove.o)
                0x08002632                memmove
 .text._free_r  0x08002668       0x88 c:/program files/stmicroelectronics/systemworkbench/plugins/fr.ac6.mcu.externaltools.arm-none.win32_1.3.0.201507241045/tools/compiler/bin/../lib/gcc/arm-none-eabi/4.9.3/../../../../arm-none-eabi/lib/armv7-m\libc_nano.a(lib_a-nano-freer.o)
                0x08002668                _free_r
 .text._malloc_r
                0x080026f0       0xac c:/program files/stmicroelectronics/systemworkbench/plugins/fr.ac6.mcu.externaltools.arm-none.win32_1.3.0.201507241045/tools/compiler/bin/../lib/gcc/arm-none-eabi/4.9.3/../../../../arm-none-eabi/lib/armv7-m\libc_nano.a(lib_a-nano-mallocr.o)
                0x080026f0                _malloc_r
 .text._realloc_r
                0x0800279c       0x4c c:/program files/stmicroelectronics/systemworkbench/plugins/fr.ac6.mcu.externaltools.arm-none.win32_1.3.0.201507241045/tools/compiler/bin/../lib/gcc/arm-none-eabi/4.9.3/../../../../arm-none-eabi/lib/armv7-m\libc_nano.a(lib_a-nano-reallocr.o)
                0x0800279c                _realloc_r
 .text._sbrk_r  0x080027e8       0x20 c:/program files/stmicroelectronics/systemworkbench/plugins/fr.ac6.mcu.externaltools.arm-none.win32_1.3.0.201507241045/tools/compiler/bin/../lib/gcc/arm-none-eabi/4.9.3/../../../../arm-none-eabi/lib/armv7-m\libc_nano.a(lib_a-sbrkr.o)
                0x080027e8                _sbrk_r
 .text._malloc_usable_size_r
                0x08002808       0x14 c:/program files/stmicroelectronics/systemworkbench/plugins/fr.ac6.mcu.externaltools.arm-none.win32_1.3.0.201507241045/tools/compiler/bin/../lib/gcc/arm-none-eabi/4.9.3/../../../../arm-none-eabi/lib/armv7-m\libc_nano.a(lib_a-nano-msizer.o)
                0x08002808                _malloc_usable_size_r
 .text._sbrk    0x0800281c       0x1c c:/program files/stmicroelectronics/systemworkbench/plugins/fr.ac6.mcu.externaltools.arm-none.win32_1.3.0.201507241045/tools/compiler/bin/../lib/gcc/arm-none-eabi/4.9.3/../../../../arm-none-eabi/lib/armv7-m\libnosys.a(sbrk.o)
                0x0800281c                _sbrk
 *(.glue_7)
 .glue_7        0x00000000        0x0 linker stubs
 *(.glue_7t)
 .glue_7t       0x00000000        0x0 linker stubs
 *(.eh_frame)
 .eh_frame      0x08002838        0x0 c:/program files/stmicroelectronics/systemworkbench/plugins/fr.ac6.mcu.externaltools.arm-none.win32_1.3.0.201507241045/tools/compiler/bin/../lib/gcc/arm-none-eabi/4.9.3/armv7-m/crtbegin.o
 *(.init)
 .init          0x08002838        0x4 c:/program files/stmicroelectronics/systemworkbench/plugins/fr.ac6.mcu.externaltools.arm-none.win32_1.3.0.201507241045/tools/compiler/bin/../lib/gcc/arm-none-eabi/4.9.3/armv7-m/crti.o
                0x08002838                _init
 .init          0x0800283c        0x8 c:/program files/stmicroelectronics/systemworkbench/plugins/fr.ac6.mcu.externaltools.arm-none.win32_1.3.0.201507241045/tools/compiler/bin/../lib/gcc/arm-none-eabi/4.9.3/armv7-m/crtn.o
 *(.fini)
 .fini          0x08002844        0x4 c:/program files/stmicroelectronics/systemworkbench/plugins/fr.ac6.mcu.externaltools.arm-none.win32_1.3.0.201507241045/tools/compiler/bin/../lib/gcc/arm-none-eabi/4.9.3/armv7-m/crti.o
                0x08002844                _fini
 .fini          0x08002848        0x8 c:/program files/stmicroelectronics/systemworkbench/plugins/fr.ac6.mcu.externaltools.arm-none.win32_1.3.0.201507241045/tools/compiler/bin/../lib/gcc/arm-none-eabi/4.9.3/armv7-m/crtn.o
                0x08002850                . = ALIGN (0x4)
                0x08002850                _etext = .

.vfp11_veneer   0x08002850        0x0
 .vfp11_veneer  0x00000000        0x0 linker stubs

.v4_bx          0x08002850        0x0
 .v4_bx         0x00000000        0x0 linker stubs

.iplt           0x08002850        0x0
 .iplt          0x00000000        0x0 c:/program files/stmicroelectronics/systemworkbench/plugins/fr.ac6.mcu.externaltools.arm-none.win32_1.3.0.201507241045/tools/compiler/bin/../lib/gcc/arm-none-eabi/4.9.3/armv7-m/crtbegin.o

.rodata         0x08002850       0xe0
                0x08002850                . = ALIGN (0x4)
 *(.rodata)
 .rodata        0x08002850       0x20 Src/main.o
 .rodata        0x08002870       0x22 Drivers/STM32F1xx_HAL_Driver/Src/stm32f1xx_hal_rcc.o
                0x08002882                aAPBAHBPrescTable
 *(.rodata*)
 .rodata.str1.1
                0x08002892       0x69 Src/main.o
 .rodata.str1.1
                0x080028fb        0x2 c:/program files/stmicroelectronics/systemworkbench/plugins/fr.ac6.mcu.externaltools.arm-none.win32_1.3.0.201507241045/tools/compiler/bin/../lib/gcc/arm-none-eabi/4.9.3/../../../../arm-none-eabi/lib/armv7-m\libc_nano.a(lib_a-impure.o)
 .rodata.str1.1
                0x080028fd       0x11 c:/program files/stmicroelectronics/systemworkbench/plugins/fr.ac6.mcu.externaltools.arm-none.win32_1.3.0.201507241045/tools/compiler/bin/../lib/gcc/arm-none-eabi/4.9.3/../../../../arm-none-eabi/lib/armv7-m\libc_nano.a(lib_a-nano-svfprintf.o)
 .rodata.str1.1
                0x0800290e       0x22 c:/program files/stmicroelectronics/systemworkbench/plugins/fr.ac6.mcu.externaltools.arm-none.win32_1.3.0.201507241045/tools/compiler/bin/../lib/gcc/arm-none-eabi/4.9.3/../../../../arm-none-eabi/lib/armv7-m\libc_nano.a(lib_a-nano-vfprintf_i.o)
                0x08002930                . = ALIGN (0x4)

.rel.dyn        0x08002930        0x0
 .rel.iplt      0x00000000        0x0 c:/program files/stmicroelectronics/systemworkbench/plugins/fr.ac6.mcu.externaltools.arm-none.win32_1.3.0.201507241045/tools/compiler/bin/../lib/gcc/arm-none-eabi/4.9.3/armv7-m/crtbegin.o

.ARM.extab
 *(.ARM.extab* .gnu.linkonce.armextab.*)

.ARM            0x08002930        0x0
                0x08002930                __exidx_start = .
 *(.ARM.exidx*)
                0x08002930                __exidx_end = .

.preinit_array  0x08002930        0x0
                0x08002930                PROVIDE (__preinit_array_start, .)
 *(.preinit_array*)
                0x08002930                PROVIDE (__preinit_array_end, .)

.init_array     0x08002930        0x4
                0x08002930                PROVIDE (__init_array_start, .)
 *(SORT(.init_array.*))
 *(.init_array*)
 .init_array    0x08002930        0x4 c:/program files/stmicroelectronics/systemworkbench/plugins/fr.ac6.mcu.externaltools.arm-none.win32_1.3.0.201507241045/tools/compiler/bin/../lib/gcc/arm-none-eabi/4.9.3/armv7-m/crtbegin.o
                0x08002934                PROVIDE (__init_array_end, .)

.fini_array     0x08002934        0x4
                0x08002934                PROVIDE (__fini_array_start, .)
 *(SORT(.fini_array.*))
 *(.fini_array*)
 .fini_array    0x08002934        0x4 c:/program files/stmicroelectronics/systemworkbench/plugins/fr.ac6.mcu.externaltools.arm-none.win32_1.3.0.201507241045/tools/compiler/bin/../lib/gcc/arm-none-eabi/4.9.3/armv7-m/crtbegin.o
                0x08002938                PROVIDE (__fini_array_end, .)
                0x08002938                _sidata = LOADADDR (.data)

.data           0x20000000       0x70 load address 0x08002938
                0x20000000                . = ALIGN (0x4)
                0x20000000                _sdata = .
 *(.data)
 .data          0x20000000        0x5 Src/main.o
                0x20000000                TX_ADDRESS
 *fill*         0x20000005        0x3 
 .data          0x20000008        0x4 Drivers/CMSIS/Device/ST/STM32F1xx/Source/Templates/system_stm32f1xx.o
                0x20000008                SystemCoreClock
 *(.data*)
 .data.impure_data
                0x2000000c       0x60 c:/program files/stmicroelectronics/systemworkbench/plugins/fr.ac6.mcu.externaltools.arm-none.win32_1.3.0.201507241045/tools/compiler/bin/../lib/gcc/arm-none-eabi/4.9.3/../../../../arm-none-eabi/lib/armv7-m\libc_nano.a(lib_a-impure.o)
 .data._impure_ptr
                0x2000006c        0x4 c:/program files/stmicroelectronics/systemworkbench/plugins/fr.ac6.mcu.externaltools.arm-none.win32_1.3.0.201507241045/tools/compiler/bin/../lib/gcc/arm-none-eabi/4.9.3/../../../../arm-none-eabi/lib/armv7-m\libc_nano.a(lib_a-impure.o)
                0x2000006c                _impure_ptr
                0x20000070                . = ALIGN (0x4)
                0x20000070                _edata = .

.jcr            0x20000070        0x0 load address 0x080029a8
 .jcr           0x20000070        0x0 c:/program files/stmicroelectronics/systemworkbench/plugins/fr.ac6.mcu.externaltools.arm-none.win32_1.3.0.201507241045/tools/compiler/bin/../lib/gcc/arm-none-eabi/4.9.3/armv7-m/crtbegin.o

.igot.plt       0x20000070        0x0 load address 0x080029a8
 .igot.plt      0x00000000        0x0 c:/program files/stmicroelectronics/systemworkbench/plugins/fr.ac6.mcu.externaltools.arm-none.win32_1.3.0.201507241045/tools/compiler/bin/../lib/gcc/arm-none-eabi/4.9.3/armv7-m/crtbegin.o
                0x20000070                . = ALIGN (0x4)

.bss            0x20000070      0x248 load address 0x080029a8
                0x20000070                _sbss = .
                0x20000070                __bss_start__ = _sbss
 *(.bss)
 .bss           0x20000070       0x1c c:/program files/stmicroelectronics/systemworkbench/plugins/fr.ac6.mcu.externaltools.arm-none.win32_1.3.0.201507241045/tools/compiler/bin/../lib/gcc/arm-none-eabi/4.9.3/armv7-m/crtbegin.o
 .bss           0x2000008c      0x100 Src/main.o
 .bss           0x2000018c        0x4 Src/stm32f1xx_it.o
                0x2000018c                timer_ms
 .bss           0x20000190        0x4 Drivers/STM32F1xx_HAL_Driver/Src/stm32f1xx_hal.o
 .bss           0x20000194        0x1 Drivers/STM32F1xx_HAL_Driver/Src/stm32f1xx_hal_spi_ex.o
                0x20000194                uCRCErrorWorkaroundCheck
 *(.bss*)
 *fill*         0x20000195        0x3 
 .bss.__malloc_sbrk_start
                0x20000198        0x4 c:/program files/stmicroelectronics/systemworkbench/plugins/fr.ac6.mcu.externaltools.arm-none.win32_1.3.0.201507241045/tools/compiler/bin/../lib/gcc/arm-none-eabi/4.9.3/../../../../arm-none-eabi/lib/armv7-m\libc_nano.a(lib_a-nano-mallocr.o)
                0x20000198                __malloc_sbrk_start
 .bss.__malloc_free_list
                0x2000019c        0x4 c:/program files/stmicroelectronics/systemworkbench/plugins/fr.ac6.mcu.externaltools.arm-none.win32_1.3.0.201507241045/tools/compiler/bin/../lib/gcc/arm-none-eabi/4.9.3/../../../../arm-none-eabi/lib/armv7-m\libc_nano.a(lib_a-nano-mallocr.o)
                0x2000019c                __malloc_free_list
 .bss.heap_end.4079
                0x200001a0        0x4 c:/program files/stmicroelectronics/systemworkbench/plugins/fr.ac6.mcu.externaltools.arm-none.win32_1.3.0.201507241045/tools/compiler/bin/../lib/gcc/arm-none-eabi/4.9.3/../../../../arm-none-eabi/lib/armv7-m\libnosys.a(sbrk.o)
 *(COMMON)
 COMMON         0x200001a4      0x110 Src/main.o
                0x200001a4                hdma_usart1_tx
                0x200001dc                RX_BUF
                0x200001fc                TX_BUF
                0x2000021c                huart1
                0x2000025c                hspi1
 COMMON         0x200002b4        0x4 c:/program files/stmicroelectronics/systemworkbench/plugins/fr.ac6.mcu.externaltools.arm-none.win32_1.3.0.201507241045/tools/compiler/bin/../lib/gcc/arm-none-eabi/4.9.3/../../../../arm-none-eabi/lib/armv7-m\libc_nano.a(lib_a-reent.o)
                0x200002b4                errno
                0x200002b8                . = ALIGN (0x4)
                0x200002b8                _ebss = .
                0x200002b8                __bss_end__ = _ebss

._user_heap_stack
                0x200002b8      0x600 load address 0x080029a8
                0x200002b8                . = ALIGN (0x8)
                0x200002b8                PROVIDE (end, .)
                0x200002b8                PROVIDE (_end, .)
                0x200004b8                . = (. + _Min_Heap_Size)
 *fill*         0x200002b8      0x200 
                0x200008b8                . = (. + _Min_Stack_Size)
 *fill*         0x200004b8      0x400 
                0x200008b8                . = ALIGN (0x8)

/DISCARD/
 libc.a(*)
 libm.a(*)
 libgcc.a(*)

.ARM.attributes
                0x00000000       0x29
 *(.ARM.attributes)
 .ARM.attributes
                0x00000000       0x1d c:/program files/stmicroelectronics/systemworkbench/plugins/fr.ac6.mcu.externaltools.arm-none.win32_1.3.0.201507241045/tools/compiler/bin/../lib/gcc/arm-none-eabi/4.9.3/armv7-m/crti.o
 .ARM.attributes
                0x0000001d       0x2d c:/program files/stmicroelectronics/systemworkbench/plugins/fr.ac6.mcu.externaltools.arm-none.win32_1.3.0.201507241045/tools/compiler/bin/../lib/gcc/arm-none-eabi/4.9.3/armv7-m/crtbegin.o
 .ARM.attributes
                0x0000004a       0x33 Src/main.o
 .ARM.attributes
                0x0000007d       0x33 Src/stm32f1xx_hal_msp.o
 .ARM.attributes
                0x000000b0       0x33 Src/stm32f1xx_it.o
 .ARM.attributes
                0x000000e3       0x33 Drivers/STM32F1xx_HAL_Driver/Src/stm32f1xx_hal.o
 .ARM.attributes
                0x00000116       0x33 Drivers/STM32F1xx_HAL_Driver/Src/stm32f1xx_hal_cortex.o
 .ARM.attributes
                0x00000149       0x33 Drivers/STM32F1xx_HAL_Driver/Src/stm32f1xx_hal_dma.o
 .ARM.attributes
                0x0000017c       0x33 Drivers/STM32F1xx_HAL_Driver/Src/stm32f1xx_hal_gpio.o
 .ARM.attributes
                0x000001af       0x33 Drivers/STM32F1xx_HAL_Driver/Src/stm32f1xx_hal_rcc.o
 .ARM.attributes
                0x000001e2       0x33 Drivers/STM32F1xx_HAL_Driver/Src/stm32f1xx_hal_spi.o
 .ARM.attributes
                0x00000215       0x33 Drivers/STM32F1xx_HAL_Driver/Src/stm32f1xx_hal_spi_ex.o
 .ARM.attributes
                0x00000248       0x33 Drivers/STM32F1xx_HAL_Driver/Src/stm32f1xx_hal_uart.o
 .ARM.attributes
                0x0000027b       0x33 Drivers/CMSIS/Device/ST/STM32F1xx/Source/Templates/system_stm32f1xx.o
 .ARM.attributes
                0x000002ae       0x21 Drivers/CMSIS/Device/ST/STM32F1xx/Source/Templates/gcc/startup_stm32f103xb.o
 .ARM.attributes
                0x000002cf       0x2d c:/program files/stmicroelectronics/systemworkbench/plugins/fr.ac6.mcu.externaltools.arm-none.win32_1.3.0.201507241045/tools/compiler/bin/../lib/gcc/arm-none-eabi/4.9.3/../../../../arm-none-eabi/lib/armv7-m\libc_nano.a(lib_a-impure.o)
 .ARM.attributes
                0x000002fc       0x2d c:/program files/stmicroelectronics/systemworkbench/plugins/fr.ac6.mcu.externaltools.arm-none.win32_1.3.0.201507241045/tools/compiler/bin/../lib/gcc/arm-none-eabi/4.9.3/../../../../arm-none-eabi/lib/armv7-m\libc_nano.a(lib_a-init.o)
 .ARM.attributes
                0x00000329       0x2d c:/program files/stmicroelectronics/systemworkbench/plugins/fr.ac6.mcu.externaltools.arm-none.win32_1.3.0.201507241045/tools/compiler/bin/../lib/gcc/arm-none-eabi/4.9.3/../../../../arm-none-eabi/lib/armv7-m\libc_nano.a(lib_a-vsprintf.o)
 .ARM.attributes
                0x00000356       0x2d c:/program files/stmicroelectronics/systemworkbench/plugins/fr.ac6.mcu.externaltools.arm-none.win32_1.3.0.201507241045/tools/compiler/bin/../lib/gcc/arm-none-eabi/4.9.3/../../../../arm-none-eabi/lib/armv7-m\libc_nano.a(lib_a-nano-svfprintf.o)
 .ARM.attributes
                0x00000383       0x2d c:/program files/stmicroelectronics/systemworkbench/plugins/fr.ac6.mcu.externaltools.arm-none.win32_1.3.0.201507241045/tools/compiler/bin/../lib/gcc/arm-none-eabi/4.9.3/../../../../arm-none-eabi/lib/armv7-m\libc_nano.a(lib_a-nano-vfprintf_i.o)
 .ARM.attributes
                0x000003b0       0x2d c:/program files/stmicroelectronics/systemworkbench/plugins/fr.ac6.mcu.externaltools.arm-none.win32_1.3.0.201507241045/tools/compiler/bin/../lib/gcc/arm-none-eabi/4.9.3/../../../../arm-none-eabi/lib/armv7-m\libc_nano.a(lib_a-memchr.o)
 .ARM.attributes
                0x000003dd       0x2d c:/program files/stmicroelectronics/systemworkbench/plugins/fr.ac6.mcu.externaltools.arm-none.win32_1.3.0.201507241045/tools/compiler/bin/../lib/gcc/arm-none-eabi/4.9.3/../../../../arm-none-eabi/lib/armv7-m\libc_nano.a(lib_a-memcpy.o)
 .ARM.attributes
                0x0000040a       0x2d c:/program files/stmicroelectronics/systemworkbench/plugins/fr.ac6.mcu.externaltools.arm-none.win32_1.3.0.201507241045/tools/compiler/bin/../lib/gcc/arm-none-eabi/4.9.3/../../../../arm-none-eabi/lib/armv7-m\libc_nano.a(lib_a-memmove.o)
 .ARM.attributes
                0x00000437       0x2d c:/program files/stmicroelectronics/systemworkbench/plugins/fr.ac6.mcu.externaltools.arm-none.win32_1.3.0.201507241045/tools/compiler/bin/../lib/gcc/arm-none-eabi/4.9.3/../../../../arm-none-eabi/lib/armv7-m\libc_nano.a(lib_a-nano-freer.o)
 .ARM.attributes
                0x00000464       0x2d c:/program files/stmicroelectronics/systemworkbench/plugins/fr.ac6.mcu.externaltools.arm-none.win32_1.3.0.201507241045/tools/compiler/bin/../lib/gcc/arm-none-eabi/4.9.3/../../../../arm-none-eabi/lib/armv7-m\libc_nano.a(lib_a-nano-mallocr.o)
 .ARM.attributes
                0x00000491       0x2d c:/program files/stmicroelectronics/systemworkbench/plugins/fr.ac6.mcu.externaltools.arm-none.win32_1.3.0.201507241045/tools/compiler/bin/../lib/gcc/arm-none-eabi/4.9.3/../../../../arm-none-eabi/lib/armv7-m\libc_nano.a(lib_a-nano-reallocr.o)
 .ARM.attributes
                0x000004be       0x2d c:/program files/stmicroelectronics/systemworkbench/plugins/fr.ac6.mcu.externaltools.arm-none.win32_1.3.0.201507241045/tools/compiler/bin/../lib/gcc/arm-none-eabi/4.9.3/../../../../arm-none-eabi/lib/armv7-m\libc_nano.a(lib_a-sbrkr.o)
 .ARM.attributes
                0x000004eb       0x2d c:/program files/stmicroelectronics/systemworkbench/plugins/fr.ac6.mcu.externaltools.arm-none.win32_1.3.0.201507241045/tools/compiler/bin/../lib/gcc/arm-none-eabi/4.9.3/../../../../arm-none-eabi/lib/armv7-m\libc_nano.a(lib_a-nano-msizer.o)
 .ARM.attributes
                0x00000518       0x2d c:/program files/stmicroelectronics/systemworkbench/plugins/fr.ac6.mcu.externaltools.arm-none.win32_1.3.0.201507241045/tools/compiler/bin/../lib/gcc/arm-none-eabi/4.9.3/../../../../arm-none-eabi/lib/armv7-m\libc_nano.a(lib_a-reent.o)
 .ARM.attributes
                0x00000545       0x2d c:/program files/stmicroelectronics/systemworkbench/plugins/fr.ac6.mcu.externaltools.arm-none.win32_1.3.0.201507241045/tools/compiler/bin/../lib/gcc/arm-none-eabi/4.9.3/../../../../arm-none-eabi/lib/armv7-m\libnosys.a(sbrk.o)
 .ARM.attributes
                0x00000572       0x1d c:/program files/stmicroelectronics/systemworkbench/plugins/fr.ac6.mcu.externaltools.arm-none.win32_1.3.0.201507241045/tools/compiler/bin/../lib/gcc/arm-none-eabi/4.9.3/armv7-m/crtn.o
OUTPUT(nRF24L01.elf elf32-littlearm)

.debug_info     0x00000000     0x908a
 .debug_info    0x00000000     0x19ad Src/main.o
 .debug_info    0x000019ad      0xd01 Src/stm32f1xx_hal_msp.o
 .debug_info    0x000026ae      0x5ad Src/stm32f1xx_it.o
 .debug_info    0x00002c5b      0x6b4 Drivers/STM32F1xx_HAL_Driver/Src/stm32f1xx_hal.o
 .debug_info    0x0000330f      0xc03 Drivers/STM32F1xx_HAL_Driver/Src/stm32f1xx_hal_cortex.o
 .debug_info    0x00003f12      0x630 Drivers/STM32F1xx_HAL_Driver/Src/stm32f1xx_hal_dma.o
 .debug_info    0x00004542      0x5fc Drivers/STM32F1xx_HAL_Driver/Src/stm32f1xx_hal_gpio.o
 .debug_info    0x00004b3e     0x14d1 Drivers/STM32F1xx_HAL_Driver/Src/stm32f1xx_hal_rcc.o
 .debug_info    0x0000600f     0x15b9 Drivers/STM32F1xx_HAL_Driver/Src/stm32f1xx_hal_spi.o
 .debug_info    0x000075c8      0x598 Drivers/STM32F1xx_HAL_Driver/Src/stm32f1xx_hal_spi_ex.o
 .debug_info    0x00007b60     0x10d6 Drivers/STM32F1xx_HAL_Driver/Src/stm32f1xx_hal_uart.o
 .debug_info    0x00008c36      0x3a0 Drivers/CMSIS/Device/ST/STM32F1xx/Source/Templates/system_stm32f1xx.o
 .debug_info    0x00008fd6       0xb4 Drivers/CMSIS/Device/ST/STM32F1xx/Source/Templates/gcc/startup_stm32f103xb.o

.debug_abbrev   0x00000000     0x1b1e
 .debug_abbrev  0x00000000      0x342 Src/main.o
 .debug_abbrev  0x00000342      0x1c2 Src/stm32f1xx_hal_msp.o
 .debug_abbrev  0x00000504      0x17c Src/stm32f1xx_it.o
 .debug_abbrev  0x00000680      0x258 Drivers/STM32F1xx_HAL_Driver/Src/stm32f1xx_hal.o
 .debug_abbrev  0x000008d8      0x2cc Drivers/STM32F1xx_HAL_Driver/Src/stm32f1xx_hal_cortex.o
 .debug_abbrev  0x00000ba4      0x208 Drivers/STM32F1xx_HAL_Driver/Src/stm32f1xx_hal_dma.o
 .debug_abbrev  0x00000dac      0x1c9 Drivers/STM32F1xx_HAL_Driver/Src/stm32f1xx_hal_gpio.o
 .debug_abbrev  0x00000f75      0x34a Drivers/STM32F1xx_HAL_Driver/Src/stm32f1xx_hal_rcc.o
 .debug_abbrev  0x000012bf      0x315 Drivers/STM32F1xx_HAL_Driver/Src/stm32f1xx_hal_spi.o
 .debug_abbrev  0x000015d4      0x15e Drivers/STM32F1xx_HAL_Driver/Src/stm32f1xx_hal_spi_ex.o
 .debug_abbrev  0x00001732      0x2b7 Drivers/STM32F1xx_HAL_Driver/Src/stm32f1xx_hal_uart.o
 .debug_abbrev  0x000019e9      0x123 Drivers/CMSIS/Device/ST/STM32F1xx/Source/Templates/system_stm32f1xx.o
 .debug_abbrev  0x00001b0c       0x12 Drivers/CMSIS/Device/ST/STM32F1xx/Source/Templates/gcc/startup_stm32f103xb.o

.debug_loc      0x00000000     0x38cf
 .debug_loc     0x00000000      0x2d4 Src/main.o
 .debug_loc     0x000002d4       0xb0 Src/stm32f1xx_hal_msp.o
 .debug_loc     0x00000384       0x6f Drivers/STM32F1xx_HAL_Driver/Src/stm32f1xx_hal.o
 .debug_loc     0x000003f3      0x31e Drivers/STM32F1xx_HAL_Driver/Src/stm32f1xx_hal_cortex.o
 .debug_loc     0x00000711      0x449 Drivers/STM32F1xx_HAL_Driver/Src/stm32f1xx_hal_dma.o
 .debug_loc     0x00000b5a      0x31f Drivers/STM32F1xx_HAL_Driver/Src/stm32f1xx_hal_gpio.o
 .debug_loc     0x00000e79      0xc36 Drivers/STM32F1xx_HAL_Driver/Src/stm32f1xx_hal_rcc.o
 .debug_loc     0x00001aaf      0xfb2 Drivers/STM32F1xx_HAL_Driver/Src/stm32f1xx_hal_spi.o
 .debug_loc     0x00002a61       0x63 Drivers/STM32F1xx_HAL_Driver/Src/stm32f1xx_hal_spi_ex.o
 .debug_loc     0x00002ac4      0xd60 Drivers/STM32F1xx_HAL_Driver/Src/stm32f1xx_hal_uart.o
 .debug_loc     0x00003824       0xab Drivers/CMSIS/Device/ST/STM32F1xx/Source/Templates/system_stm32f1xx.o

.debug_aranges  0x00000000      0x6a8
 .debug_aranges
                0x00000000       0x88 Src/main.o
 .debug_aranges
                0x00000088       0x40 Src/stm32f1xx_hal_msp.o
 .debug_aranges
                0x000000c8       0x60 Src/stm32f1xx_it.o
 .debug_aranges
                0x00000128       0xb0 Drivers/STM32F1xx_HAL_Driver/Src/stm32f1xx_hal.o
 .debug_aranges
                0x000001d8       0x90 Drivers/STM32F1xx_HAL_Driver/Src/stm32f1xx_hal_cortex.o
 .debug_aranges
                0x00000268       0x60 Drivers/STM32F1xx_HAL_Driver/Src/stm32f1xx_hal_dma.o
 .debug_aranges
                0x000002c8       0x58 Drivers/STM32F1xx_HAL_Driver/Src/stm32f1xx_hal_gpio.o
 .debug_aranges
                0x00000320       0x88 Drivers/STM32F1xx_HAL_Driver/Src/stm32f1xx_hal_rcc.o
 .debug_aranges
                0x000003a8      0x150 Drivers/STM32F1xx_HAL_Driver/Src/stm32f1xx_hal_spi.o
 .debug_aranges
                0x000004f8       0x28 Drivers/STM32F1xx_HAL_Driver/Src/stm32f1xx_hal_spi_ex.o
 .debug_aranges
                0x00000520      0x138 Drivers/STM32F1xx_HAL_Driver/Src/stm32f1xx_hal_uart.o
 .debug_aranges
                0x00000658       0x28 Drivers/CMSIS/Device/ST/STM32F1xx/Source/Templates/system_stm32f1xx.o
 .debug_aranges
                0x00000680       0x28 Drivers/CMSIS/Device/ST/STM32F1xx/Source/Templates/gcc/startup_stm32f103xb.o

.debug_ranges   0x00000000      0x8d8
 .debug_ranges  0x00000000      0x100 Src/main.o
 .debug_ranges  0x00000100       0x90 Src/stm32f1xx_hal_msp.o
 .debug_ranges  0x00000190       0x50 Src/stm32f1xx_it.o
 .debug_ranges  0x000001e0       0xa0 Drivers/STM32F1xx_HAL_Driver/Src/stm32f1xx_hal.o
 .debug_ranges  0x00000280      0x130 Drivers/STM32F1xx_HAL_Driver/Src/stm32f1xx_hal_cortex.o
 .debug_ranges  0x000003b0       0x80 Drivers/STM32F1xx_HAL_Driver/Src/stm32f1xx_hal_dma.o
 .debug_ranges  0x00000430       0x70 Drivers/STM32F1xx_HAL_Driver/Src/stm32f1xx_hal_gpio.o
 .debug_ranges  0x000004a0      0x130 Drivers/STM32F1xx_HAL_Driver/Src/stm32f1xx_hal_rcc.o
 .debug_ranges  0x000005d0      0x178 Drivers/STM32F1xx_HAL_Driver/Src/stm32f1xx_hal_spi.o
 .debug_ranges  0x00000748       0x18 Drivers/STM32F1xx_HAL_Driver/Src/stm32f1xx_hal_spi_ex.o
 .debug_ranges  0x00000760      0x140 Drivers/STM32F1xx_HAL_Driver/Src/stm32f1xx_hal_uart.o
 .debug_ranges  0x000008a0       0x18 Drivers/CMSIS/Device/ST/STM32F1xx/Source/Templates/system_stm32f1xx.o
 .debug_ranges  0x000008b8       0x20 Drivers/CMSIS/Device/ST/STM32F1xx/Source/Templates/gcc/startup_stm32f103xb.o

.debug_macro    0x00000000     0xf589
 .debug_macro   0x00000000      0x296 Src/main.o
 .debug_macro   0x00000296      0x874 Src/main.o
 .debug_macro   0x00000b0a       0x28 Src/main.o
 .debug_macro   0x00000b32      0x198 Src/main.o
 .debug_macro   0x00000cca       0x2e Src/main.o
 .debug_macro   0x00000cf8       0x22 Src/main.o
 .debug_macro   0x00000d1a       0x22 Src/main.o
 .debug_macro   0x00000d3c       0x44 Src/main.o
 .debug_macro   0x00000d80       0x1c Src/main.o
 .debug_macro   0x00000d9c      0x1f7 Src/main.o
 .debug_macro   0x00000f93       0x34 Src/main.o
 .debug_macro   0x00000fc7       0x34 Src/main.o
 .debug_macro   0x00000ffb      0xb8e Src/main.o
 .debug_macro   0x00001b89     0x69eb Src/main.o
 .debug_macro   0x00008574       0x43 Src/main.o
 .debug_macro   0x000085b7     0x31c3 Src/main.o
 .debug_macro   0x0000b77a       0x58 Src/main.o
 .debug_macro   0x0000b7d2       0x35 Src/main.o
 .debug_macro   0x0000b807       0x9c Src/main.o
 .debug_macro   0x0000b8a3       0x16 Src/main.o
 .debug_macro   0x0000b8b9       0x97 Src/main.o
 .debug_macro   0x0000b950      0x29d Src/main.o
 .debug_macro   0x0000bbed       0xef Src/main.o
 .debug_macro   0x0000bcdc       0x10 Src/main.o
 .debug_macro   0x0000bcec       0x52 Src/main.o
 .debug_macro   0x0000bd3e       0x16 Src/main.o
 .debug_macro   0x0000bd54       0x43 Src/main.o
 .debug_macro   0x0000bd97      0x180 Src/main.o
 .debug_macro   0x0000bf17       0x10 Src/main.o
 .debug_macro   0x0000bf27       0x22 Src/main.o
 .debug_macro   0x0000bf49       0xbd Src/main.o
 .debug_macro   0x0000c006       0x16 Src/main.o
 .debug_macro   0x0000c01c      0x196 Src/main.o
 .debug_macro   0x0000c1b2       0x50 Src/main.o
 .debug_macro   0x0000c202      0x77f Src/main.o
 .debug_macro   0x0000c981      0x28b Src/main.o
 .debug_macro   0x0000cc0c      0x141 Src/main.o
 .debug_macro   0x0000cd4d      0x197 Src/main.o
 .debug_macro   0x0000cee4      0x1a7 Src/main.o
 .debug_macro   0x0000d08b       0x2d Src/main.o
 .debug_macro   0x0000d0b8       0x3c Src/main.o
 .debug_macro   0x0000d0f4       0x57 Src/main.o
 .debug_macro   0x0000d14b       0x8c Src/main.o
 .debug_macro   0x0000d1d7      0x242 Src/main.o
 .debug_macro   0x0000d419      0x143 Src/main.o
 .debug_macro   0x0000d55c      0x1f4 Src/main.o
 .debug_macro   0x0000d750      0x256 Src/main.o
 .debug_macro   0x0000d9a6       0x7c Src/main.o
 .debug_macro   0x0000da22       0xd6 Src/main.o
 .debug_macro   0x0000daf8       0x52 Src/main.o
 .debug_macro   0x0000db4a      0x250 Src/stm32f1xx_hal_msp.o
 .debug_macro   0x0000dd9a      0x264 Src/stm32f1xx_it.o
 .debug_macro   0x0000dffe      0x274 Drivers/STM32F1xx_HAL_Driver/Src/stm32f1xx_hal.o
 .debug_macro   0x0000e272      0x250 Drivers/STM32F1xx_HAL_Driver/Src/stm32f1xx_hal_cortex.o
 .debug_macro   0x0000e4c2      0x256 Drivers/STM32F1xx_HAL_Driver/Src/stm32f1xx_hal_dma.o
 .debug_macro   0x0000e718      0x2c0 Drivers/STM32F1xx_HAL_Driver/Src/stm32f1xx_hal_gpio.o
 .debug_macro   0x0000e9d8      0x262 Drivers/STM32F1xx_HAL_Driver/Src/stm32f1xx_hal_rcc.o
 .debug_macro   0x0000ec3a      0x258 Drivers/STM32F1xx_HAL_Driver/Src/stm32f1xx_hal_spi.o
 .debug_macro   0x0000ee92      0x250 Drivers/STM32F1xx_HAL_Driver/Src/stm32f1xx_hal_spi_ex.o
 .debug_macro   0x0000f0e2      0x251 Drivers/STM32F1xx_HAL_Driver/Src/stm32f1xx_hal_uart.o
 .debug_macro   0x0000f333      0x256 Drivers/CMSIS/Device/ST/STM32F1xx/Source/Templates/system_stm32f1xx.o

.debug_line     0x00000000     0x7255
 .debug_line    0x00000000      0x841 Src/main.o
 .debug_line    0x00000841      0x723 Src/stm32f1xx_hal_msp.o
 .debug_line    0x00000f64      0x720 Src/stm32f1xx_it.o
 .debug_line    0x00001684      0x7e5 Drivers/STM32F1xx_HAL_Driver/Src/stm32f1xx_hal.o
 .debug_line    0x00001e69      0x847 Drivers/STM32F1xx_HAL_Driver/Src/stm32f1xx_hal_cortex.o
 .debug_line    0x000026b0      0xaf7 Drivers/STM32F1xx_HAL_Driver/Src/stm32f1xx_hal_dma.o
 .debug_line    0x000031a7      0x7f3 Drivers/STM32F1xx_HAL_Driver/Src/stm32f1xx_hal_gpio.o
 .debug_line    0x0000399a      0xbcc Drivers/STM32F1xx_HAL_Driver/Src/stm32f1xx_hal_rcc.o
 .debug_line    0x00004566     0x1089 Drivers/STM32F1xx_HAL_Driver/Src/stm32f1xx_hal_spi.o
 .debug_line    0x000055ef      0x6bd Drivers/STM32F1xx_HAL_Driver/Src/stm32f1xx_hal_spi_ex.o
 .debug_line    0x00005cac      0xe32 Drivers/STM32F1xx_HAL_Driver/Src/stm32f1xx_hal_uart.o
 .debug_line    0x00006ade      0x6cb Drivers/CMSIS/Device/ST/STM32F1xx/Source/Templates/system_stm32f1xx.o
 .debug_line    0x000071a9       0xac Drivers/CMSIS/Device/ST/STM32F1xx/Source/Templates/gcc/startup_stm32f103xb.o

.debug_str      0x00000000    0x59a59
 .debug_str     0x00000000    0x58527 Src/main.o
                              0x58995 (size before relaxing)
 .debug_str     0x00058527       0xd5 Src/stm32f1xx_hal_msp.o
                              0x582ea (size before relaxing)
 .debug_str     0x000585fc      0x112 Src/stm32f1xx_it.o
                              0x57dfe (size before relaxing)
 .debug_str     0x0005870e      0x286 Drivers/STM32F1xx_HAL_Driver/Src/stm32f1xx_hal.o
                              0x58081 (size before relaxing)
 .debug_str     0x00058994      0x268 Drivers/STM32F1xx_HAL_Driver/Src/stm32f1xx_hal_cortex.o
                              0x58075 (size before relaxing)
 .debug_str     0x00058bfc      0x14a Drivers/STM32F1xx_HAL_Driver/Src/stm32f1xx_hal_dma.o
                              0x57ce3 (size before relaxing)
 .debug_str     0x00058d46      0x3ab Drivers/STM32F1xx_HAL_Driver/Src/stm32f1xx_hal_gpio.o
                              0x57e5a (size before relaxing)
 .debug_str     0x000590f1      0x209 Drivers/STM32F1xx_HAL_Driver/Src/stm32f1xx_hal_rcc.o
                              0x57e22 (size before relaxing)
 .debug_str     0x000592fa      0x34d Drivers/STM32F1xx_HAL_Driver/Src/stm32f1xx_hal_spi.o
                              0x58133 (size before relaxing)
 .debug_str     0x00059647       0x54 Drivers/STM32F1xx_HAL_Driver/Src/stm32f1xx_hal_spi_ex.o
                              0x57db8 (size before relaxing)
 .debug_str     0x0005969b      0x32e Drivers/STM32F1xx_HAL_Driver/Src/stm32f1xx_hal_uart.o
                              0x58148 (size before relaxing)
 .debug_str     0x000599c9       0x90 Drivers/CMSIS/Device/ST/STM32F1xx/Source/Templates/system_stm32f1xx.o
                              0x57aac (size before relaxing)

.comment        0x00000000       0x70
 .comment       0x00000000       0x70 Src/main.o
                                 0x71 (size before relaxing)
 .comment       0x00000000       0x71 Src/stm32f1xx_hal_msp.o
 .comment       0x00000000       0x71 Src/stm32f1xx_it.o
 .comment       0x00000000       0x71 Drivers/STM32F1xx_HAL_Driver/Src/stm32f1xx_hal.o
 .comment       0x00000000       0x71 Drivers/STM32F1xx_HAL_Driver/Src/stm32f1xx_hal_cortex.o
 .comment       0x00000000       0x71 Drivers/STM32F1xx_HAL_Driver/Src/stm32f1xx_hal_dma.o
 .comment       0x00000000       0x71 Drivers/STM32F1xx_HAL_Driver/Src/stm32f1xx_hal_gpio.o
 .comment       0x00000000       0x71 Drivers/STM32F1xx_HAL_Driver/Src/stm32f1xx_hal_rcc.o
 .comment       0x00000000       0x71 Drivers/STM32F1xx_HAL_Driver/Src/stm32f1xx_hal_spi.o
 .comment       0x00000000       0x71 Drivers/STM32F1xx_HAL_Driver/Src/stm32f1xx_hal_spi_ex.o
 .comment       0x00000000       0x71 Drivers/STM32F1xx_HAL_Driver/Src/stm32f1xx_hal_uart.o
 .comment       0x00000000       0x71 Drivers/CMSIS/Device/ST/STM32F1xx/Source/Templates/system_stm32f1xx.o

.debug_frame    0x00000000     0x12f0
 .debug_frame   0x00000000      0x1b4 Src/main.o
 .debug_frame   0x000001b4       0x94 Src/stm32f1xx_hal_msp.o
 .debug_frame   0x00000248       0xac Src/stm32f1xx_it.o
 .debug_frame   0x000002f4      0x164 Drivers/STM32F1xx_HAL_Driver/Src/stm32f1xx_hal.o
 .debug_frame   0x00000458      0x124 Drivers/STM32F1xx_HAL_Driver/Src/stm32f1xx_hal_cortex.o
 .debug_frame   0x0000057c      0x100 Drivers/STM32F1xx_HAL_Driver/Src/stm32f1xx_hal_dma.o
 .debug_frame   0x0000067c       0xc4 Drivers/STM32F1xx_HAL_Driver/Src/stm32f1xx_hal_gpio.o
 .debug_frame   0x00000740      0x160 Drivers/STM32F1xx_HAL_Driver/Src/stm32f1xx_hal_rcc.o
 .debug_frame   0x000008a0      0x39c Drivers/STM32F1xx_HAL_Driver/Src/stm32f1xx_hal_spi.o
 .debug_frame   0x00000c3c       0x38 Drivers/STM32F1xx_HAL_Driver/Src/stm32f1xx_hal_spi_ex.o
 .debug_frame   0x00000c74      0x318 Drivers/STM32F1xx_HAL_Driver/Src/stm32f1xx_hal_uart.o
 .debug_frame   0x00000f8c       0x30 Drivers/CMSIS/Device/ST/STM32F1xx/Source/Templates/system_stm32f1xx.o
 .debug_frame   0x00000fbc       0x2c c:/program files/stmicroelectronics/systemworkbench/plugins/fr.ac6.mcu.externaltools.arm-none.win32_1.3.0.201507241045/tools/compiler/bin/../lib/gcc/arm-none-eabi/4.9.3/../../../../arm-none-eabi/lib/armv7-m\libc_nano.a(lib_a-init.o)
 .debug_frame   0x00000fe8       0x50 c:/program files/stmicroelectronics/systemworkbench/plugins/fr.ac6.mcu.externaltools.arm-none.win32_1.3.0.201507241045/tools/compiler/bin/../lib/gcc/arm-none-eabi/4.9.3/../../../../arm-none-eabi/lib/armv7-m\libc_nano.a(lib_a-vsprintf.o)
 .debug_frame   0x00001038       0x8c c:/program files/stmicroelectronics/systemworkbench/plugins/fr.ac6.mcu.externaltools.arm-none.win32_1.3.0.201507241045/tools/compiler/bin/../lib/gcc/arm-none-eabi/4.9.3/../../../../arm-none-eabi/lib/armv7-m\libc_nano.a(lib_a-nano-svfprintf.o)
 .debug_frame   0x000010c4       0x58 c:/program files/stmicroelectronics/systemworkbench/plugins/fr.ac6.mcu.externaltools.arm-none.win32_1.3.0.201507241045/tools/compiler/bin/../lib/gcc/arm-none-eabi/4.9.3/../../../../arm-none-eabi/lib/armv7-m\libc_nano.a(lib_a-nano-vfprintf_i.o)
 .debug_frame   0x0000111c       0x28 c:/program files/stmicroelectronics/systemworkbench/plugins/fr.ac6.mcu.externaltools.arm-none.win32_1.3.0.201507241045/tools/compiler/bin/../lib/gcc/arm-none-eabi/4.9.3/../../../../arm-none-eabi/lib/armv7-m\libc_nano.a(lib_a-memchr.o)
 .debug_frame   0x00001144       0x28 c:/program files/stmicroelectronics/systemworkbench/plugins/fr.ac6.mcu.externaltools.arm-none.win32_1.3.0.201507241045/tools/compiler/bin/../lib/gcc/arm-none-eabi/4.9.3/../../../../arm-none-eabi/lib/armv7-m\libc_nano.a(lib_a-memcpy.o)
 .debug_frame   0x0000116c       0x28 c:/program files/stmicroelectronics/systemworkbench/plugins/fr.ac6.mcu.externaltools.arm-none.win32_1.3.0.201507241045/tools/compiler/bin/../lib/gcc/arm-none-eabi/4.9.3/../../../../arm-none-eabi/lib/armv7-m\libc_nano.a(lib_a-memmove.o)
 .debug_frame   0x00001194       0x2c c:/program files/stmicroelectronics/systemworkbench/plugins/fr.ac6.mcu.externaltools.arm-none.win32_1.3.0.201507241045/tools/compiler/bin/../lib/gcc/arm-none-eabi/4.9.3/../../../../arm-none-eabi/lib/armv7-m\libc_nano.a(lib_a-nano-freer.o)
 .debug_frame   0x000011c0       0x2c c:/program files/stmicroelectronics/systemworkbench/plugins/fr.ac6.mcu.externaltools.arm-none.win32_1.3.0.201507241045/tools/compiler/bin/../lib/gcc/arm-none-eabi/4.9.3/../../../../arm-none-eabi/lib/armv7-m\libc_nano.a(lib_a-nano-mallocr.o)
 .debug_frame   0x000011ec       0x3c c:/program files/stmicroelectronics/systemworkbench/plugins/fr.ac6.mcu.externaltools.arm-none.win32_1.3.0.201507241045/tools/compiler/bin/../lib/gcc/arm-none-eabi/4.9.3/../../../../arm-none-eabi/lib/armv7-m\libc_nano.a(lib_a-nano-reallocr.o)
 .debug_frame   0x00001228       0x2c c:/program files/stmicroelectronics/systemworkbench/plugins/fr.ac6.mcu.externaltools.arm-none.win32_1.3.0.201507241045/tools/compiler/bin/../lib/gcc/arm-none-eabi/4.9.3/../../../../arm-none-eabi/lib/armv7-m\libc_nano.a(lib_a-sbrkr.o)
 .debug_frame   0x00001254       0x20 c:/program files/stmicroelectronics/systemworkbench/plugins/fr.ac6.mcu.externaltools.arm-none.win32_1.3.0.201507241045/tools/compiler/bin/../lib/gcc/arm-none-eabi/4.9.3/../../../../arm-none-eabi/lib/armv7-m\libc_nano.a(lib_a-nano-msizer.o)
 .debug_frame   0x00001274       0x5c c:/program files/stmicroelectronics/systemworkbench/plugins/fr.ac6.mcu.externaltools.arm-none.win32_1.3.0.201507241045/tools/compiler/bin/../lib/gcc/arm-none-eabi/4.9.3/../../../../arm-none-eabi/lib/armv7-m\libc_nano.a(lib_a-reent.o)
 .debug_frame   0x000012d0       0x20 c:/program files/stmicroelectronics/systemworkbench/plugins/fr.ac6.mcu.externaltools.arm-none.win32_1.3.0.201507241045/tools/compiler/bin/../lib/gcc/arm-none-eabi/4.9.3/../../../../arm-none-eabi/lib/armv7-m\libnosys.a(sbrk.o)
